\BOOKMARK [1][-]{section.1}{\376\377\000D\000a\000t\000a\000\040\000S\000t\000r\000u\000c\000t\000u\000r\000e}{}% 1
\BOOKMARK [2][-]{subsection.1.1}{\376\377\000M\000a\000x\000\040\000H\000e\000a\000p}{section.1}% 2
\BOOKMARK [2][-]{subsection.1.2}{\376\377\000B\000S\000T}{section.1}% 3
\BOOKMARK [2][-]{subsection.1.3}{\376\377\000D\000E\000Q\000U\000E\000\040\000D\000o\000u\000b\000l\000e\000-\000E\000n\000d\000e\000d\000\040\000Q\000u\000e\000u\000e}{section.1}% 4
\BOOKMARK [1][-]{section.2}{\376\377\000K\000a\000d\000a\000n\000e\000\040\000A\000l\000g\000o\000r\000i\000t\000m}{}% 5
\BOOKMARK [1][-]{section.3}{\376\377\000S\000l\000i\000d\000i\000n\000g\000\040\000W\000i\000n\000d\000o\000w\000\040\000M\000a\000x\000i\000m\000u\000m}{}% 6
\BOOKMARK [2][-]{subsection.3.1}{\376\377\000B\000S\000T}{section.3}% 7
\BOOKMARK [2][-]{subsection.3.2}{\376\377\000M\000a\000x\000\040\000H\000e\000a\000p}{section.3}% 8
\BOOKMARK [2][-]{subsection.3.3}{\376\377\000D\000o\000u\000b\000l\000e\000-\000E\000n\000d\000e\000d\000\040\000Q\000u\000e\000u\000e}{section.3}% 9
\BOOKMARK [1][-]{section.4}{\376\377\000B\000i\000n\000a\000r\000y\000\040\000S\000e\000a\000r\000c\000h\000\040\000f\000o\000r\000\040\000S\000o\000c\000i\000a\000l\000\040\000D\000i\000s\000t\000a\000n\000c\000e}{}% 10
\BOOKMARK [2][-]{subsection.4.1}{\376\377\000S\000o\000c\000i\000a\000l\000\040\000D\000i\000s\000t\000a\000n\000c\000e}{section.4}% 11
\BOOKMARK [1][-]{section.5}{\376\377\000T\000r\000e\000e}{}% 12
\BOOKMARK [2][-]{subsection.5.1}{\376\377\000S\000u\000m}{section.5}% 13
\BOOKMARK [2][-]{subsection.5.2}{\376\377\000d\000e\000p\000t\000h}{section.5}% 14
\BOOKMARK [2][-]{subsection.5.3}{\376\377\000B\000S\000T}{section.5}% 15
\BOOKMARK [2][-]{subsection.5.4}{\376\377\000S\000u\000m\000\040\000u}{section.5}% 16
\BOOKMARK [2][-]{subsection.5.5}{\376\377\000M\000P\000S}{section.5}% 17
\BOOKMARK [2][-]{subsection.5.6}{\376\377\000P\000r\000e\000d\000e\000c\000e\000s\000s\000o\000r\000\040\000P\000r\000o\000b\000l\000e\000m}{section.5}% 18
\BOOKMARK [2][-]{subsection.5.7}{\376\377\000F\000r\000o\000g\000\040\000A\000n\000d\000\040\000M\000o\000s\000q\000u\000i\000t\000o\000s}{section.5}% 19
\BOOKMARK [2][-]{subsection.5.8}{\376\377\000T\000w\000o\000\040\000P\000o\000i\000n\000t\000e\000r\000\040\000T\000r\000i\000c\000k}{section.5}% 20
\BOOKMARK [1][-]{section.6}{\376\377\000S\000w\000e\000e\000p\000\040\000L\000i\000n\000e\000\040\000A\000l\000o\000g\000r\000i\000t\000m}{}% 21
\BOOKMARK [2][-]{subsection.6.1}{\376\377\000M\000a\000x\000i\000m\000u\000m\000\040\000N\000u\000m\000b\000e\000r\000\040\000o\000f\000\040\000O\000v\000e\000r\000l\000a\000p\000p\000i\000n\000g\000\040\000I\000n\000t\000e\000r\000v\000a\000l\000s}{section.6}% 22
\BOOKMARK [2][-]{subsection.6.2}{\376\377\000C\000l\000o\000s\000e\000s\000t\000\040\000P\000a\000i\000r\000\040\000o\000f\000\040\000P\000o\000i\000n\000t\000s}{section.6}% 23
\BOOKMARK [1][-]{section.7}{\376\377\000P\000r\000e\000f\000i\000x\000\040\000S\000u\000m}{}% 24
\BOOKMARK [2][-]{subsection.7.1}{\376\377\000I\000l\000y\000a\000\040\000a\000n\000d\000\040\000Q\000u\000e\000r\000i\000e\000s}{section.7}% 25
\BOOKMARK [2][-]{subsection.7.2}{\376\377\000L\000i\000t\000t\000l\000e\000\040\000G\000i\000r\000l\000\040\000a\000n\000d\000\040\000M\000a\000x\000i\000m\000u\000m}{section.7}% 26
\BOOKMARK [2][-]{subsection.7.3}{\376\377\000N\000u\000m\000b\000e\000r\000\040\000o\000f\000\040\000W\000a\000y\000s}{section.7}% 27
\BOOKMARK [1][-]{section.8}{\376\377\000F\000e\000n\000w\000i\000c\000k\000\040\000T\000r\000e\000e}{}% 28
\BOOKMARK [2][-]{subsection.8.1}{\376\377\000C\000o\000u\000n\000t\000i\000n\000g\000\040\000I\000n\000v\000e\000r\000s\000i\000o\000n\000s\000\040\000i\000n\000\040\000a\000n\000\040\000A\000r\000r\000a\000y}{section.8}% 29
\BOOKMARK [1][-]{section.9}{\376\377\0001\0000\0000\000\040\000p\000r\000i\000s\000o\000n\000e\000r\000s}{}% 30
\BOOKMARK [1][-]{section.10}{\376\377\000S\000u\000p\000e\000r\000\040\000c\000l\000e\000v\000e\000r\000\040\000a\000l\000g\000o\000r\000i\000t\000m}{}% 31
\BOOKMARK [2][-]{subsection.10.1}{\376\377\000D\000u\000p\000l\000i\000c\000a\000t\000e\000\040\000E\000l\000e\000e\000m\000n\000t\000s\000\040\000i\000n\000\040\000a\000n\000\040\000a\000r\000r\000a\000y}{section.10}% 32
\BOOKMARK [3][-]{subsubsection.10.1.1}{\376\377\000l\000o\000g\000\040\000n\000\040\000p\000a\000s\000s\000e\000s}{subsection.10.1}% 33
\BOOKMARK [3][-]{subsubsection.10.1.2}{\376\377\000D\000e\000s\000t\000r\000o\000y\000\040\000A}{subsection.10.1}% 34
\BOOKMARK [2][-]{subsection.10.2}{\376\377\000F\000l\000o\000y\000d\000s\000\040\000c\000y\000c\000l\000e\000\040\000f\000i\000n\000d\000i\000n\000g}{section.10}% 35
\BOOKMARK [2][-]{subsection.10.3}{\376\377\000M\000a\000j\000o\000r\000i\000t\000y\000\040\000E\000l\000e\000m\000e\000n\000t}{section.10}% 36
\BOOKMARK [3][-]{subsubsection.10.3.1}{\376\377\000B\000o\000y\000e\000r\000\040\000M\000o\000o\000r\000e\000\040\000A\000l\000g\000o\000r\000i\000t\000h\000m}{subsection.10.3}% 37
\BOOKMARK [3][-]{subsubsection.10.3.2}{\376\377\000S\000u\000p\000p\000o\000r\000t\000\040\000I\000n\000s\000e\000r\000t\000i\000o\000n\000/\000D\000e\000l\000e\000t\000i\000o\000n}{subsection.10.3}% 38
\BOOKMARK [2][-]{subsection.10.4}{\376\377\000M\000i\000s\000r\000a\000-\000G\000r\000i\000e\000s\000\040\000H\000e\000a\000v\000y\000\040\000H\000i\000t\000t\000e\000r}{section.10}% 39
\BOOKMARK [1][-]{section.11}{\376\377\000A\000l\000i\000c\000e\000\040\000a\000n\000d\000\040\000b\000o\000b\000\040}{}% 40
\BOOKMARK [1][-]{section.12}{\376\377\000F\000e\000n\000w\000i\000c\000k\000\040\000T\000r\000e\000e\000\040\000b\000i\000n\000a\000r\000y\000\040\000i\000n\000d\000e\000x\000e\000d\000\040\000t\000r\000e\000e\000,\000\040\000B\000I\000T}{}% 41
\BOOKMARK [2][-]{subsection.12.1}{\376\377\000D\000y\000n\000a\000m\000i\000c\000\040\000P\000r\000e\000f\000i\000x\000\040\000S\000u\000m\000s}{section.12}% 42
\BOOKMARK [2][-]{subsection.12.2}{\376\377\000C\000o\000u\000n\000t\000i\000n\000g\000\040\000I\000n\000v\000e\000r\000s\000i\000o\000n}{section.12}% 43
\BOOKMARK [2][-]{subsection.12.3}{\376\377\000N\000e\000s\000t\000e\000d\000\040\000S\000e\000g\000m\000e\000n\000t}{section.12}% 44
\BOOKMARK [2][-]{subsection.12.4}{\376\377\000U\000p\000d\000a\000t\000e\000\040\000t\000h\000e\000\040\000A\000r\000r\000a\000y}{section.12}% 45
\BOOKMARK [2][-]{subsection.12.5}{\376\377\000D\000y\000n\000a\000m\000i\000c\000\040\000P\000r\000e\000f\000i\000x\000\040\000S\000y\000m\000s\000\040\000w\000i\000t\000h\000\040\000r\000a\000n\000g\000e\000\040\000u\000p\000d\000a\000t\000e}{section.12}% 46
\BOOKMARK [1][-]{section.13}{\376\377\000S\000e\000g\000m\000e\000n\000t\000\040\000T\000r\000e\000e}{}% 47
\BOOKMARK [2][-]{subsection.13.1}{\376\377\000B\000M\000Q\000\040\000w\000i\000t\000h\000\040\000o\000c\000c\000u\000r\000r\000e\000n\000c\000y}{section.13}% 48
\BOOKMARK [2][-]{subsection.13.2}{\376\377\000p\000r\000o\000b\000l\000e\000m\000a\000\040\000p\000i\000u\000\040\000g\000r\000e\000v\000e}{section.13}% 49
\BOOKMARK [2][-]{subsection.13.3}{\376\377\000p\000r\000o\000b\000l\000e\000m\000a\000\040\000p\000i\000u\000\040\000g\000r\000e\000v\000e\000e\000e\000e\000e\000e}{section.13}% 50
\BOOKMARK [2][-]{subsection.13.4}{\376\377\000p\000r\000o\000b\000l\000e\000m\000a\000\040\000p\000i\000u\000\040\000g\000r\000e\000v\000e\000e\000e\000e\000e\000e\000e\000e\000e\000e\000e\000e\000e\000e\000e\000e}{section.13}% 51
\BOOKMARK [2][-]{subsection.13.5}{\376\377\000T\000r\000i\000p\000l\000e\000t\000s}{section.13}% 52
\BOOKMARK [2][-]{subsection.13.6}{\376\377\000R\000a\000n\000g\000e\000\040\000u\000p\000d\000a\000t\000e\000\040\000w\000i\000t\000h\000\040\000L\000a\000z\000y\000\040\000P\000r\000o\000p\000a\000g\000a\000t\000i\000o\000n}{section.13}% 53
\BOOKMARK [2][-]{subsection.13.7}{\376\377\000P\000e\000r\000s\000i\000s\000t\000e\000n\000t\000\040\000S\000e\000g\000m\000e\000n\000t\000\040\000T\000r\000e\000e}{section.13}% 54
\BOOKMARK [1][-]{section.14}{\376\377\000M\000o\000'\000s\000\040\000A\000l\000g\000o\000r\000i\000t\000h\000m}{}% 55
\BOOKMARK [2][-]{subsection.14.1}{\376\377\000P\000r\000o\000b\000l\000e\000m\000\040\000m\000e\000n\000o\000\040\000d\000i\000f\000f\000i\000c\000u\000l\000t}{section.14}% 56
\BOOKMARK [2][-]{subsection.14.2}{\376\377\000A\000\040\000D\000i\000f\000f\000i\000c\000u\000l\000t\000\040\000P\000r\000o\000b\000l\000e\000m}{section.14}% 57
\BOOKMARK [1][-]{section.15}{\376\377\000\050\000S\000T\000A\000T\000I\000C\000\051\000\040\000R\000M\000Q}{}% 58
\BOOKMARK [2][-]{subsubsection.15.0.1}{\376\377\000C\000a\000r\000t\000e\000s\000i\000a\000n\000\040\000T\000r\000e\000e}{section.15}% 59
\BOOKMARK [2][-]{subsection.15.1}{\376\377\000C\000o\000l\000o\000r\000e\000d\000\040\000R\000a\000n\000g\000e\000\040\000Q\000u\000e\000r\000y\000\040\000P\000r\000o\000b\000l\000e\000m}{section.15}% 60
\BOOKMARK [2][-]{subsection.15.2}{\376\377\000R\000a\000n\000g\000e\000\040\000M\000i\000n\000i\000m\000u\000m\000\040\000Q\000u\000e\000r\000y\000s}{section.15}% 61
\BOOKMARK [1][-]{section.16}{\376\377\000D\000y\000n\000a\000m\000i\000c\000\040\000P\000r\000o\000g\000r\000a\000m\000m\000i\000n\000g}{}% 62
\BOOKMARK [2][-]{subsection.16.1}{\376\377\000F\000i\000b\000o\000n\000a\000c\000c\000i\000\040\000N\000u\000m\000b\000e\000r\000s}{section.16}% 63
\BOOKMARK [2][-]{subsection.16.2}{\376\377\000M\000a\000t\000r\000i\000x\000\040\000E\000x\000p\000o\000n\000e\000n\000t\000i\000a\000t\000i\000o\000n}{section.16}% 64
\BOOKMARK [2][-]{subsection.16.3}{\376\377\000R\000o\000d\000\040\000C\000u\000t\000t\000i\000n\000g}{section.16}% 65
\BOOKMARK [2][-]{subsection.16.4}{\376\377\000f\000a\000c\000e\000b\000o\000o\000k\000:\000\040\000R\000o\000b\000b\000e\000r}{section.16}% 66
\BOOKMARK [3][-]{subsubsection.16.4.1}{\376\377\000s\000h\000o\000r\000t\000e\000s\000t\000/\000l\000o\000n\000g\000e\000s\000t\000\040\000p\000a\000t\000h\000\040\000c\000o\000m\000p\000u\000t\000a\000t\000i\000o\000n\000\040\000o\000n\000\040\000a\000\040\000D\000A\000G}{subsection.16.4}% 67
\BOOKMARK [3][-]{subsubsection.16.4.2}{\376\377\000R\000o\000a\000d\000\040\000c\000u\000t\000t\000i\000n\000g\000:\000\040\000m\000a\000\040\000c\000o\000n\000\040\000i\000l\000\040\000D\000A\000G}{subsection.16.4}% 68
\BOOKMARK [3][-]{subsubsection.16.4.3}{\376\377\000T\000o\000r\000n\000i\000a\000m\000o\000\040\000a\000\040\000f\000a\000c\000e\000b\000o\000o\000o\000o\000o\000o\000o\000k}{subsection.16.4}% 69
\BOOKMARK [2][-]{subsection.16.5}{\376\377\000S\000n\000a\000k\000e\000\040\000a\000n\000d\000\040\000l\000a\000d\000d\000e\000r\000s}{section.16}% 70
\BOOKMARK [2][-]{subsection.16.6}{\376\377\000M\000i\000n\000i\000m\000u\000m\000\040\000C\000o\000s\000t\000\040\000P\000a\000t\000h}{section.16}% 71
\BOOKMARK [2][-]{subsection.16.7}{\376\377\000L\000o\000n\000g\000e\000s\000t\000\040\000C\000o\000m\000m\000o\000n\000\040\000S\000u\000b\000s\000e\000q\000u\000e\000n\000c\000e\000\040\000L\000C\000S}{section.16}% 72
\BOOKMARK [2][-]{subsection.16.8}{\376\377\0000\000/\0001\000\040\000k\000n\000a\000p\000s\000a\000c\000k\000\040\000p\000r\000o\000b\000l\000e\000m}{section.16}% 73
\BOOKMARK [2][-]{subsection.16.9}{\376\377\000F\000r\000a\000c\000t\000i\000o\000n\000a\000l\000\040\000k\000n\000a\000p\000s\000a\000c\000k}{section.16}% 74
\BOOKMARK [2][-]{subsection.16.10}{\376\377\000P\000u\000z\000z\000l\000e\000\040\000e\000x\000e\000r\000c\000i\000s\000e}{section.16}% 75
\BOOKMARK [2][-]{subsection.16.11}{\376\377\000L\000o\000n\000g\000e\000s\000t\000\040\000I\000n\000c\000r\000e\000a\000s\000i\000n\000g\000\040\000S\000u\000b\000s\000e\000q\000u\000e\000n\000c\000e\000\040\000\050\000L\000I\000S\000\051}{section.16}% 76
\BOOKMARK [1][-]{section.17}{\376\377\000G\000r\000e\000e\000d\000y}{}% 77
\BOOKMARK [2][-]{subsection.17.1}{\376\377\000A\000c\000t\000i\000v\000i\000t\000y\000\040\000S\000e\000l\000e\000c\000t\000i\000o\000n\000\040\000P\000r\000o\000b\000l\000e\000m}{section.17}% 78
\BOOKMARK [2][-]{subsection.17.2}{\376\377\000J\000o\000b\000\040\000S\000e\000q\000u\000e\000n\000c\000i\000n\000g}{section.17}% 79
\BOOKMARK [2][-]{subsection.17.3}{\376\377\000M\000a\000g\000i\000c\000\040\000N\000u\000m\000b\000e\000r\000s}{section.17}% 80
\BOOKMARK [2][-]{subsection.17.4}{\376\377\000L\000e\000m\000p\000l\000e\000-\000Z\000i\000r}{section.17}% 81
\BOOKMARK [2][-]{subsection.17.5}{\376\377\000L\000e\000x\000i\000c\000o\000g\000r\000a\000p\000h\000i\000c\000a\000l\000l\000y\000\040\000M\000a\000x\000i\000m\000u\000m\000\040\000S\000u\000b\000s\000e\000q\000u\000e\000n\000c\000e}{section.17}% 82
\BOOKMARK [2][-]{subsection.17.6}{\376\377\000P\000a\000r\000e\000t\000o\000\040\000O\000p\000t\000i\000m\000a\000l\000\040\000S\000e\000l\000e\000c\000t\000i\000o\000n}{section.17}% 83
\BOOKMARK [2][-]{subsection.17.7}{\376\377\000W\000o\000o\000d\000c\000u\000t\000t\000e\000r}{section.17}% 84
\BOOKMARK [2][-]{subsection.17.8}{\376\377\000q\000u\000e\000u\000e}{section.17}% 85
\BOOKMARK [2][-]{subsection.17.9}{\376\377\000B\000o\000x\000e\000s}{section.17}% 86
